// Jest Snapshot v1, https://goo.gl/fbAQLP

exports[`test button theme mode renders the footer copyright unchanged 1`] = `
<div>
  <a
    class="link p-2 "
    href="./"
  >
    Â© 2024 japanim89
  </a>
</div>
`;
